# bench_rounds 2026-09-04 12:47:26: exe target\release\aqueduct.exe, rounds 3, idle 300 s, load sample 2 s
# cpu: Intel(R) Core(TM) i7-9750H CPU @ 2.60GHz (12 logical processors)
# 'other load' is a GetProcessTimes delta over the sample window, NOT a performance counter (see the header of this script).
# state [before idle] 12:47:30: other load 0.57 of 12 cores (4.7 % of the machine) over 2.0 s; busiest: Cursor 31 %, Cursor 12 %, powershell 3 %; ac power True
# state [after idle] 12:52:32: other load 0.21 of 12 cores (1.8 % of the machine) over 2.0 s; busiest: Cursor 9 %, powershell 2 %, NordVPN 2 %; ac power True
# ==== round 1 of 3 ====
# > target\release\aqueduct.exe bench membw --runs 3
# aqueduct bench membw: 2 GiB buffer of u64, sum-reduce (AVX2 loads: true), best of 3; 6 physical cores, 12 logical
# fill + first pass: 1.35 s
threads   best GB/s worst GB/s   runs (GB/s)
1             14.66      13.48   14.66 14.34 13.48
6             29.13      28.53   28.99 29.13 28.53
12            26.77      24.34   26.77 24.34 24.76
# state [after membw] 12:52:37: other load 0.42 of 12 cores (3.5 % of the machine) over 2.0 s; busiest: Cursor 20 %, code-agent 4 %, powershell 3 %; ac power True
# > target\release\aqueduct.exe bench kernels --rows 5120 --cols 5120 --no-scalar
# aqueduct bench kernels: rows=5120 cols=5120 reps>=3, threads [1, 6, 12] (6 physical cores, 12 logical; the engine defaults to 6); avx2+f16c detected: true
# matvec: weight GB/s = rows * row_bytes / seconds per matvec (the bytes a projection streams per token)
# act: q8_k = ggml's Q8_K activations (the production path for K-quant weights, Phase 3.5); q8_0 = Q8_0 activations (--q8-fine for K-quants; the only form for Q8_0 / Q4_0 weights)
kernel   act   path     thr    ms/matvec       GB/s    Gelem/s
Q4_K     q8_0  avx2       1         2.36       6.24      11.09
Q4_K     q8_0  avx2       6         0.68      21.67      38.52
Q4_K     q8_0  avx2      12         0.71      20.74      36.86
Q4_K     q8_k  avx2       1         2.13       6.91      12.29
Q4_K     q8_k  avx2       6         0.74      19.91      35.40
Q4_K     q8_k  avx2      12         0.75      19.53      34.73
Q5_K     q8_0  avx2       1         3.08       5.85       8.51
Q5_K     q8_0  avx2       6         0.93      19.48      28.33
Q5_K     q8_0  avx2      12         0.93      19.35      28.15
Q5_K     q8_k  avx2       1         2.43       7.40      10.77
Q5_K     q8_k  avx2       6         0.84      21.45      31.20
Q5_K     q8_k  avx2      12         0.95      19.06      27.72
Q6_K     q8_0  avx2       1         3.03       7.10       8.65
Q6_K     q8_0  avx2       6         0.89      24.23      29.53
Q6_K     q8_0  avx2      12         1.07      20.04      24.43
Q6_K     q8_k  avx2       1         2.50       8.61      10.50
Q6_K     q8_k  avx2       6         0.87      24.78      30.21
Q6_K     q8_k  avx2      12         0.99      21.76      26.53
Q8_0     q8_0  avx2       1         6.05       4.61       4.33
Q8_0     q8_0  avx2       6         1.60      17.40      16.38
Q8_0     q8_0  avx2      12         1.63      17.05      16.05
Q4_0     q8_0  avx2       1         6.22       2.37       4.22
Q4_0     q8_0  avx2       6         1.68       8.77      15.60
Q4_0     q8_0  avx2      12         1.55       9.50      16.89

row kernel   path          us/row    GB/s in
q8_quantize  avx2           10.29       1.99
q8k_quantize avx2            7.02       2.92
rmsnorm      avx2            2.08       9.85
softmax      avx2           54.88       0.37
# state [after kernels 5120] 12:53:06: other load 0.09 of 12 cores (0.7 % of the machine) over 2.0 s; busiest: powershell 2 %, Cursor 2 %, Taskmgr 2 %; ac power True
# > target\release\aqueduct.exe bench kernels --rows 17408 --cols 5120 --no-scalar
# aqueduct bench kernels: rows=17408 cols=5120 reps>=3, threads [1, 6, 12] (6 physical cores, 12 logical; the engine defaults to 6); avx2+f16c detected: true
# matvec: weight GB/s = rows * row_bytes / seconds per matvec (the bytes a projection streams per token)
# act: q8_k = ggml's Q8_K activations (the production path for K-quant weights, Phase 3.5); q8_0 = Q8_0 activations (--q8-fine for K-quants; the only form for Q8_0 / Q4_0 weights)
kernel   act   path     thr    ms/matvec       GB/s    Gelem/s
Q4_K     q8_0  avx2       1         8.04       6.24      11.09
Q4_K     q8_0  avx2       6         2.15      23.34      41.49
Q4_K     q8_0  avx2      12         2.19      22.85      40.63
Q4_K     q8_k  avx2       1         6.84       7.33      13.04
Q4_K     q8_k  avx2       6         2.07      24.21      43.04
Q4_K     q8_k  avx2      12         2.33      21.54      38.29
Q5_K     q8_0  avx2       1        10.14       6.04       8.79
Q5_K     q8_0  avx2       6         2.79      21.97      31.95
Q5_K     q8_0  avx2      12         2.79      21.99      31.98
Q5_K     q8_k  avx2       1         8.29       7.39      10.75
Q5_K     q8_k  avx2       6         2.46      24.87      36.17
Q5_K     q8_k  avx2      12         2.68      22.86      33.24
Q6_K     q8_0  avx2       1        10.02       7.30       8.89
Q6_K     q8_0  avx2       6         3.11      23.54      28.69
Q6_K     q8_0  avx2      12         3.26      22.40      27.30
Q6_K     q8_k  avx2       1         8.81       8.30      10.12
Q6_K     q8_k  avx2       6         2.83      25.83      31.49
Q6_K     q8_k  avx2      12         3.01      24.27      29.58
Q8_0     q8_0  avx2       1        20.75       4.56       4.30
Q8_0     q8_0  avx2       6         5.19      18.26      17.19
Q8_0     q8_0  avx2      12         4.68      20.25      19.06
Q4_0     q8_0  avx2       1        21.57       2.32       4.13
Q4_0     q8_0  avx2       6         5.59       8.97      15.94
Q4_0     q8_0  avx2      12         4.30      11.67      20.75

row kernel   path          us/row    GB/s in
q8_quantize  avx2           10.41       1.97
q8k_quantize avx2            7.20       2.84
rmsnorm      avx2            2.35       8.70
softmax      avx2           54.67       0.37
# state [after kernels 17408] 12:53:36: other load 0.12 of 12 cores (1.0 % of the machine) over 2.0 s; busiest: powershell 2 %, Taskmgr 2 %, vctip 2 %; ac power True
# ==== round 2 of 3 ====
# > target\release\aqueduct.exe bench membw --runs 3
# aqueduct bench membw: 2 GiB buffer of u64, sum-reduce (AVX2 loads: true), best of 3; 6 physical cores, 12 logical
# fill + first pass: 1.33 s
threads   best GB/s worst GB/s   runs (GB/s)
1             17.17      16.73   16.73 17.17 16.74
6             32.31      30.57   32.31 31.48 30.57
12            32.28      29.10   32.28 29.10 29.70
# state [after membw] 12:53:40: other load 0.16 of 12 cores (1.3 % of the machine) over 2.0 s; busiest: powershell 3 %, Taskmgr 3 %, Cursor 2 %; ac power True
# > target\release\aqueduct.exe bench kernels --rows 5120 --cols 5120 --no-scalar
# aqueduct bench kernels: rows=5120 cols=5120 reps>=3, threads [1, 6, 12] (6 physical cores, 12 logical; the engine defaults to 6); avx2+f16c detected: true
# matvec: weight GB/s = rows * row_bytes / seconds per matvec (the bytes a projection streams per token)
# act: q8_k = ggml's Q8_K activations (the production path for K-quant weights, Phase 3.5); q8_0 = Q8_0 activations (--q8-fine for K-quants; the only form for Q8_0 / Q4_0 weights)
kernel   act   path     thr    ms/matvec       GB/s    Gelem/s
Q4_K     q8_0  avx2       1         2.34       6.29      11.19
Q4_K     q8_0  avx2       6         0.64      23.04      40.96
Q4_K     q8_0  avx2      12         0.67      22.05      39.19
Q4_K     q8_k  avx2       1         1.96       7.51      13.35
Q4_K     q8_k  avx2       6         0.60      24.72      43.94
Q4_K     q8_k  avx2      12         0.67      22.02      39.15
Q5_K     q8_0  avx2       1         2.87       6.29       9.15
Q5_K     q8_0  avx2       6         0.84      21.51      31.29
Q5_K     q8_0  avx2      12         0.98      18.31      26.63
Q5_K     q8_k  avx2       1         2.39       7.54      10.96
Q5_K     q8_k  avx2       6         0.74      24.37      35.45
Q5_K     q8_k  avx2      12         0.81      22.22      32.32
Q6_K     q8_0  avx2       1         2.95       7.28       8.88
Q6_K     q8_0  avx2       6         0.88      24.38      29.72
Q6_K     q8_0  avx2      12         0.97      22.11      26.96
Q6_K     q8_k  avx2       1         2.41       8.93      10.89
Q6_K     q8_k  avx2       6         0.78      27.54      33.57
Q6_K     q8_k  avx2      12         0.96      22.41      27.31
Q8_0     q8_0  avx2       1         6.11       4.56       4.29
Q8_0     q8_0  avx2       6         1.65      16.92      15.92
Q8_0     q8_0  avx2      12         1.52      18.35      17.27
Q4_0     q8_0  avx2       1         6.30       2.34       4.16
Q4_0     q8_0  avx2       6         1.77       8.34      14.83
Q4_0     q8_0  avx2      12         1.56       9.45      16.79

row kernel   path          us/row    GB/s in
q8_quantize  avx2           10.36       1.98
q8k_quantize avx2            7.16       2.86
rmsnorm      avx2            2.26       9.05
softmax      avx2           54.45       0.38
# state [after kernels 5120] 12:54:09: other load 0.12 of 12 cores (1.0 % of the machine) over 2.0 s; busiest: powershell 3 %, Cursor 2 %, Taskmgr 2 %; ac power True
# > target\release\aqueduct.exe bench kernels --rows 17408 --cols 5120 --no-scalar
# aqueduct bench kernels: rows=17408 cols=5120 reps>=3, threads [1, 6, 12] (6 physical cores, 12 logical; the engine defaults to 6); avx2+f16c detected: true
# matvec: weight GB/s = rows * row_bytes / seconds per matvec (the bytes a projection streams per token)
# act: q8_k = ggml's Q8_K activations (the production path for K-quant weights, Phase 3.5); q8_0 = Q8_0 activations (--q8-fine for K-quants; the only form for Q8_0 / Q4_0 weights)
kernel   act   path     thr    ms/matvec       GB/s    Gelem/s
Q4_K     q8_0  avx2       1         8.09       6.20      11.02
Q4_K     q8_0  avx2       6         2.15      23.35      41.52
Q4_K     q8_0  avx2      12         2.26      22.15      39.39
Q4_K     q8_k  avx2       1         6.74       7.44      13.22
Q4_K     q8_k  avx2       6         2.07      24.22      43.05
Q4_K     q8_k  avx2      12         2.24      22.43      39.88
Q5_K     q8_0  avx2       1         9.89       6.20       9.01
Q5_K     q8_0  avx2       6         2.78      22.05      32.07
Q5_K     q8_0  avx2      12         2.87      21.37      31.09
Q5_K     q8_k  avx2       1         8.28       7.40      10.76
Q5_K     q8_k  avx2       6         2.51      24.44      35.55
Q5_K     q8_k  avx2      12         2.75      22.29      32.42
Q6_K     q8_0  avx2       1        10.63       6.88       8.38
Q6_K     q8_0  avx2       6         3.09      23.64      28.82
Q6_K     q8_0  avx2      12         3.23      22.63      27.59
Q6_K     q8_k  avx2       1         8.48       8.62      10.51
Q6_K     q8_k  avx2       6         2.79      26.17      31.91
Q6_K     q8_k  avx2      12         3.07      23.83      29.05
Q8_0     q8_0  avx2       1        20.78       4.56       4.29
Q8_0     q8_0  avx2       6         5.17      18.31      17.23
Q8_0     q8_0  avx2      12         4.78      19.82      18.65
Q4_0     q8_0  avx2       1        21.74       2.31       4.10
Q4_0     q8_0  avx2       6         5.38       9.33      16.58
Q4_0     q8_0  avx2      12         4.43      11.33      20.14

row kernel   path          us/row    GB/s in
q8_quantize  avx2           10.32       1.99
q8k_quantize avx2            7.08       2.89
rmsnorm      avx2            2.32       8.83
softmax      avx2           54.29       0.38
# state [after kernels 17408] 12:54:39: other load 0.16 of 12 cores (1.4 % of the machine) over 2.0 s; busiest: NordVPN 5 %, Taskmgr 3 %, powershell 3 %; ac power True
# ==== round 3 of 3 ====
# > target\release\aqueduct.exe bench membw --runs 3
# aqueduct bench membw: 2 GiB buffer of u64, sum-reduce (AVX2 loads: true), best of 3; 6 physical cores, 12 logical
# fill + first pass: 1.40 s
threads   best GB/s worst GB/s   runs (GB/s)
1             16.83      16.35   16.35 16.83 16.77
6             31.59      29.74   31.42 31.59 29.74
12            30.59      28.79   30.59 29.86 28.79
# state [after membw] 12:54:43: other load 0.19 of 12 cores (1.6 % of the machine) over 2.0 s; busiest: Taskmgr 2 %, powershell 2 %, NordVPN 2 %; ac power True
# > target\release\aqueduct.exe bench kernels --rows 5120 --cols 5120 --no-scalar
# aqueduct bench kernels: rows=5120 cols=5120 reps>=3, threads [1, 6, 12] (6 physical cores, 12 logical; the engine defaults to 6); avx2+f16c detected: true
# matvec: weight GB/s = rows * row_bytes / seconds per matvec (the bytes a projection streams per token)
# act: q8_k = ggml's Q8_K activations (the production path for K-quant weights, Phase 3.5); q8_0 = Q8_0 activations (--q8-fine for K-quants; the only form for Q8_0 / Q4_0 weights)
kernel   act   path     thr    ms/matvec       GB/s    Gelem/s
Q4_K     q8_0  avx2       1         2.36       6.25      11.11
Q4_K     q8_0  avx2       6         0.65      22.82      40.57
Q4_K     q8_0  avx2      12         0.68      21.58      38.37
Q4_K     q8_k  avx2       1         1.97       7.50      13.33
Q4_K     q8_k  avx2       6         0.66      22.27      39.59
Q4_K     q8_k  avx2      12         0.73      20.26      36.02
Q5_K     q8_0  avx2       1         2.90       6.21       9.03
Q5_K     q8_0  avx2       6         0.83      21.60      31.41
Q5_K     q8_0  avx2      12         0.89      20.16      29.32
Q5_K     q8_k  avx2       1         2.40       7.50      10.90
Q5_K     q8_k  avx2       6         0.72      25.02      36.40
Q5_K     q8_k  avx2      12         0.83      21.71      31.58
Q6_K     q8_0  avx2       1         3.13       6.87       8.38
Q6_K     q8_0  avx2       6         0.87      24.59      29.98
Q6_K     q8_0  avx2      12         1.03      20.87      25.44
Q6_K     q8_k  avx2       1         2.51       8.58      10.46
Q6_K     q8_k  avx2       6         0.81      26.62      32.45
Q6_K     q8_k  avx2      12         0.96      22.48      27.40
Q8_0     q8_0  avx2       1         6.02       4.63       4.36
Q8_0     q8_0  avx2       6         1.63      17.13      16.12
Q8_0     q8_0  avx2      12         1.59      17.54      16.51
Q4_0     q8_0  avx2       1         6.33       2.33       4.14
Q4_0     q8_0  avx2       6         1.68       8.77      15.60
Q4_0     q8_0  avx2      12         1.61       9.13      16.24

row kernel   path          us/row    GB/s in
q8_quantize  avx2           10.19       2.01
q8k_quantize avx2            7.25       2.82
rmsnorm      avx2            2.56       8.01
softmax      avx2           54.68       0.37
# state [after kernels 5120] 12:55:12: other load 0.23 of 12 cores (1.9 % of the machine) over 2.0 s; busiest: NordVPN 5 %, powershell 3 %, Taskmgr 2 %; ac power True
# > target\release\aqueduct.exe bench kernels --rows 17408 --cols 5120 --no-scalar
# aqueduct bench kernels: rows=17408 cols=5120 reps>=3, threads [1, 6, 12] (6 physical cores, 12 logical; the engine defaults to 6); avx2+f16c detected: true
# matvec: weight GB/s = rows * row_bytes / seconds per matvec (the bytes a projection streams per token)
# act: q8_k = ggml's Q8_K activations (the production path for K-quant weights, Phase 3.5); q8_0 = Q8_0 activations (--q8-fine for K-quants; the only form for Q8_0 / Q4_0 weights)
kernel   act   path     thr    ms/matvec       GB/s    Gelem/s
Q4_K     q8_0  avx2       1         8.25       6.08      10.81
Q4_K     q8_0  avx2       6         2.09      23.96      42.60
Q4_K     q8_0  avx2      12         2.19      22.88      40.68
Q4_K     q8_k  avx2       1         6.77       7.40      13.16
Q4_K     q8_k  avx2       6         2.03      24.66      43.84
Q4_K     q8_k  avx2      12         2.24      22.43      39.88
Q5_K     q8_0  avx2       1        10.60       5.78       8.41
Q5_K     q8_0  avx2       6         2.69      22.76      33.10
Q5_K     q8_0  avx2      12         2.90      21.10      30.69
Q5_K     q8_k  avx2       1         8.25       7.43      10.80
Q5_K     q8_k  avx2       6         2.52      24.35      35.42
Q5_K     q8_k  avx2      12         2.68      22.85      33.23
Q6_K     q8_0  avx2       1         9.91       7.38       9.00
Q6_K     q8_0  avx2       6         3.07      23.80      29.02
Q6_K     q8_0  avx2      12         3.14      23.29      28.39
Q6_K     q8_k  avx2       1         8.37       8.73      10.64
Q6_K     q8_k  avx2       6         2.84      25.74      31.38
Q6_K     q8_k  avx2      12         3.02      24.19      29.49
Q8_0     q8_0  avx2       1        20.62       4.59       4.32
Q8_0     q8_0  avx2       6         5.16      18.37      17.29
Q8_0     q8_0  avx2      12         4.65      20.35      19.15
Q4_0     q8_0  avx2       1        21.36       2.35       4.17
Q4_0     q8_0  avx2       6         5.37       9.34      16.60
Q4_0     q8_0  avx2      12         4.60      10.90      19.38

row kernel   path          us/row    GB/s in
q8_quantize  avx2           10.34       1.98
q8k_quantize avx2            7.12       2.88
rmsnorm      avx2            2.31       8.86
softmax      avx2           55.14       0.37
# state [after kernels 17408] 12:55:42: other load 0.17 of 12 cores (1.4 % of the machine) over 2.0 s; busiest: powershell 3 %, chrome 3 %, NordVPN 2 %; ac power True
# done
