# Phase 3.5 single-thread alternation, 2026-09-04 02:35 to 02:55: the Phase 3 binary (commit 73b1850) and the 3.5 binary run one after the other,
# 'bench kernels --threads 1 --rows 5120 --cols 5120 --no-scalar', three passes each, so the machine state is shared; bthserv at ~10 cores, thermal zone 96 C.
# Position effect: whichever activation form runs SECOND on the Q5_K matrix reads ~30 % lower at one thread, in both binaries and both orders
# (the 3.5 binary ran q8_k first in the first two blocks; the last block is the 3.5 binary with the Phase 3 order, q8_0 first, which is the shipped order).
# Read Q5_K rows against the same position only. Q4_K and Q6_K show no position effect.
#
# ---- block 1: 3.5 binary with the table + bit-serial-shift dot_q5_k_q8 (later replaced by the Phase 3 body for that kernel; q8_k first)
# pass 1: phase 3 binary
Q4_K     q8_0  avx2       1         2.50       5.89      10.48
Q4_K     q8_k  avx2       1         1.95       7.56      13.45
Q5_K     q8_0  avx2       1         3.06       5.88       8.56
Q5_K     q8_k  avx2       1         4.34       4.15       6.03
Q6_K     q8_0  avx2       1         4.89       4.40       5.36
Q6_K     q8_k  avx2       1         3.73       5.76       7.02
# pass 1: phase 3.5 binary
Q4_K     q8_k  avx2       1         1.93       7.65      13.61
Q4_K     q8_0  avx2       1         2.42       6.10      10.85
Q5_K     q8_k  avx2       1         2.43       7.41      10.78
Q5_K     q8_0  avx2       1         4.66       3.87       5.63
Q6_K     q8_k  avx2       1         3.70       5.81       7.09
Q6_K     q8_0  avx2       1         4.71       4.57       5.57
# pass 2: phase 3 binary
Q4_K     q8_0  avx2       1         2.42       6.10      10.84
Q4_K     q8_k  avx2       1         1.94       7.59      13.49
Q5_K     q8_0  avx2       1         2.88       6.25       9.09
Q5_K     q8_k  avx2       1         4.08       4.41       6.42
Q6_K     q8_0  avx2       1         4.56       4.72       5.75
Q6_K     q8_k  avx2       1         3.86       5.58       6.80
# pass 2: phase 3.5 binary
Q4_K     q8_k  avx2       1         1.95       7.57      13.46
Q4_K     q8_0  avx2       1         2.40       6.15      10.92
Q5_K     q8_k  avx2       1         2.47       7.31      10.63
Q5_K     q8_0  avx2       1         4.26       4.23       6.15
Q6_K     q8_k  avx2       1         3.77       5.71       6.96
Q6_K     q8_0  avx2       1         4.72       4.56       5.56
# pass 3: phase 3 binary
Q4_K     q8_0  avx2       1         2.44       6.05      10.76
Q4_K     q8_k  avx2       1         1.95       7.55      13.41
Q5_K     q8_0  avx2       1         3.14       5.74       8.35
Q5_K     q8_k  avx2       1         4.31       4.18       6.08
Q6_K     q8_0  avx2       1         5.09       4.23       5.15
Q6_K     q8_k  avx2       1         3.84       5.60       6.82
# pass 3: phase 3.5 binary
Q4_K     q8_k  avx2       1         1.95       7.56      13.43
Q4_K     q8_0  avx2       1         2.47       5.98      10.63
Q5_K     q8_k  avx2       1         2.47       7.30      10.62
Q5_K     q8_0  avx2       1         4.49       4.02       5.84
Q6_K     q8_k  avx2       1         3.69       5.83       7.10
Q6_K     q8_0  avx2       1         4.75       4.53       5.52
# ---- block 2: 3.5 binary with dot_q5_k_q8 restored to its Phase 3 body (the shipped kernels; q8_k first)
# pass 1: phase 3 binary
Q4_K     q8_0  avx2       1         2.45       6.02      10.69
Q4_K     q8_k  avx2       1         1.93       7.65      13.61
Q5_K     q8_0  avx2       1         3.00       6.00       8.73
Q5_K     q8_k  avx2       1         4.00       4.50       6.55
Q6_K     q8_0  avx2       1         4.57       4.71       5.74
Q6_K     q8_k  avx2       1         3.89       5.53       6.74
# pass 1: phase 3.5 binary (final)
Q4_K     q8_k  avx2       1         1.96       7.53      13.39
Q4_K     q8_0  avx2       1         2.37       6.21      11.04
Q5_K     q8_k  avx2       1         2.45       7.35      10.69
Q5_K     q8_0  avx2       1         4.53       3.98       5.79
Q6_K     q8_k  avx2       1         3.80       5.66       6.90
Q6_K     q8_0  avx2       1         4.73       4.54       5.54
# pass 2: phase 3 binary
Q4_K     q8_0  avx2       1         2.41       6.11      10.87
Q4_K     q8_k  avx2       1         1.92       7.69      13.66
Q5_K     q8_0  avx2       1         2.85       6.33       9.21
Q5_K     q8_k  avx2       1         4.06       4.44       6.45
Q6_K     q8_0  avx2       1         4.68       4.59       5.60
Q6_K     q8_k  avx2       1         3.67       5.85       7.14
# pass 2: phase 3.5 binary (final)
Q4_K     q8_k  avx2       1         1.89       7.79      13.85
Q4_K     q8_0  avx2       1         2.37       6.21      11.04
Q5_K     q8_k  avx2       1         2.41       7.49      10.89
Q5_K     q8_0  avx2       1         4.49       4.02       5.84
Q6_K     q8_k  avx2       1         3.57       6.03       7.35
Q6_K     q8_0  avx2       1         4.63       4.64       5.66
# pass 3: phase 3 binary
Q4_K     q8_0  avx2       1         2.42       6.10      10.85
Q4_K     q8_k  avx2       1         1.96       7.51      13.36
Q5_K     q8_0  avx2       1         3.08       5.85       8.51
Q5_K     q8_k  avx2       1         4.53       3.97       5.78
Q6_K     q8_0  avx2       1         4.93       4.37       5.32
Q6_K     q8_k  avx2       1         3.80       5.66       6.89
# pass 3: phase 3.5 binary (final)
Q4_K     q8_k  avx2       1         1.94       7.61      13.53
Q4_K     q8_0  avx2       1         2.37       6.23      11.07
Q5_K     q8_k  avx2       1         2.52       7.14      10.39
Q5_K     q8_0  avx2       1         4.58       3.94       5.73
Q6_K     q8_k  avx2       1         3.76       5.71       6.96
Q6_K     q8_0  avx2       1         4.81       4.47       5.45
# ---- block 3: the shipped binary with the Phase 3 bench order (q8_0 first), two passes
# pass 1
Q4_K     q8_0  avx2       1         2.40       6.14      10.91
Q4_K     q8_k  avx2       1         1.90       7.76      13.79
Q5_K     q8_0  avx2       1         3.09       5.83       8.48
Q5_K     q8_k  avx2       1         3.54       5.08       7.40
Q6_K     q8_0  avx2       1         4.52       4.76       5.80
Q6_K     q8_k  avx2       1         3.67       5.86       7.14
# pass 2
Q4_K     q8_0  avx2       1         2.36       6.25      11.12
Q4_K     q8_k  avx2       1         1.88       7.85      13.96
Q5_K     q8_0  avx2       1         3.00       6.00       8.72
Q5_K     q8_k  avx2       1         3.50       5.15       7.50
Q6_K     q8_0  avx2       1         4.52       4.76       5.80
Q6_K     q8_k  avx2       1         4.08       5.27       6.42
